// Jest Snapshot v1, https://goo.gl/fbAQLP

exports[`Pruebas en HomeScreen Debe de mostrar correctamenet  1`] = `
<div>
  <h1>
    HomeScreen
  </h1>
  <hr />
  <pre
    className="container"
  >
    {
   "name": "Arturo",
   "email": "Artuhr@gmail.com"
}
  </pre>
</div>
`;
