// Jest Snapshot v1, https://goo.gl/fbAQLP

exports[`Preubas en <LoginScreen /> Debe de mostrarse correctamen 1`] = `
<div>
  <h1>
    LoginScreen
  </h1>
  <hr />
  <button
    className="btn btn-primary"
    onClick={[Function]}
  >
    Ingresar
  </button>
</div>
`;
