// Jest Snapshot v1, https://goo.gl/fbAQLP

exports[`Preubas en el componente RealExampleRefs Debe mostrarse correctamente 1`] = `
<div>
  <h1>
    Real Example Ref
  </h1>
  <hr />
  <button
    className="btn btn-primary mt-5"
    onClick={[Function]}
  >
    Show
  </button>
</div>
`;
